
> react-example@0.0.0 lint
> tsc --noEmit

src/components/AdminConsoleModal.tsx(21,27): error TS2554: Expected 1 arguments, but got 0.
